**********************
PowerShell transcript start
Start time: 20220318134417
Username: FELIXSELTERLAPT\felix
RunAs User: FELIXSELTERLAPT\felix
Configuration Name: 
Machine: FELIXSELTERLAPT (Microsoft Windows NT 10.0.19044.0)
Host Application: C:\Program Files\PowerShell\7\pwsh.dll
Process ID: 6204
PSVersion: 7.2.2
PSEdition: Core
GitCommitId: 7.2.2
OS: Microsoft Windows 10.0.19044
Platform: Win32NT
PSCompatibleVersions: 1.0, 2.0, 3.0, 4.0, 5.0, 5.1.10032.0, 6.0.0, 6.1.0, 6.2.0, 7.0.0, 7.1.0, 7.2.2
PSRemotingProtocolVersion: 2.3
SerializationVersion: 1.1.0.1
WSManStackVersion: 3.0
**********************
Creating Backups
Backing up your path environment vars
Backing up your JEnv Config
Deleting old JEnv config
Setting up path enviroment for testing
-----------------------------------------------
-----------------------------------------------
Restoring your system from backups
Restoring your path environment vars
Restoring your JEnv config
**********************
PowerShell transcript end
End time: 20220318134429
**********************
